5.10.83.78 - - [31/Jul/2013:07:27:00 -0400] "GET /video/Aflac_CLS1.mp4 HTTP/1.1" 200 1740719 "-" "Mozilla/5.0 (compatible; AhrefsBot/5.0; +http://ahrefs.com/robot/)"
5.10.83.78 - - [31/Jul/2013:07:38:34 -0400] "GET /video/epsilon3soundtrack2.mp4 HTTP/1.1" 200 34913151 "-" "Mozilla/5.0 (compatible; AhrefsBot/5.0; +http://ahrefs.com/robot/)"
5.10.83.78 - - [31/Jul/2013:07:38:58 -0400] "GET /video/FacingWorldswalkthru.mp4 HTTP/1.1" 200 26462002 "-" "Mozilla/5.0 (compatible; AhrefsBot/5.0; +http://ahrefs.com/robot/)"
5.10.83.78 - - [31/Jul/2013:07:53:49 -0400] "GET /studiopolicy.html HTTP/1.1" 200 4010 "-" "Mozilla/5.0 (compatible; AhrefsBot/5.0; +http://ahrefs.com/robot/)"
65.36.241.76 - - [31/Jul/2013:08:11:46 -0400] "GET / HTTP/1.1" 200 6665 "-" "InternetSeer.com"
5.10.83.78 - - [31/Jul/2013:08:16:32 -0400] "GET /video/FancyNancy_BonjourButterfly1.0.mp4 HTTP/1.1" 404 - "-" "Mozilla/5.0 (compatible; AhrefsBot/5.0; +http://ahrefs.com/robot/)"
5.10.83.78 - - [31/Jul/2013:08:17:03 -0400] "GET /images/avioms2.jpg HTTP/1.1" 200 208243 "-" "Mozilla/5.0 (compatible; AhrefsBot/5.0; +http://ahrefs.com/robot/)"
5.10.83.78 - - [31/Jul/2013:08:21:05 -0400] "GET /video/Stevinson_CLS.mp4 HTTP/1.1" 200 1596773 "-" "Mozilla/5.0 (compatible; AhrefsBot/5.0; +http://ahrefs.com/robot/)"
5.10.83.78 - - [31/Jul/2013:08:26:39 -0400] "GET /video/Sam_1.3.mp4 HTTP/1.1" 404 - "-" "Mozilla/5.0 (compatible; AhrefsBot/5.0; +http://ahrefs.com/robot/)"
5.10.83.78 - - [31/Jul/2013:08:44:00 -0400] "GET /video/PaintingDay_1.3.mp4 HTTP/1.1" 404 - "-" "Mozilla/5.0 (compatible; AhrefsBot/5.0; +http://ahrefs.com/robot/)"
66.249.72.84 - - [31/Jul/2013:08:56:23 -0400] "GET /video/FancyNancy_BonjourButterfly1_0.ogv HTTP/1.1" 200 29994560 "-" "Mozilla/5.0 (compatible; Googlebot/2.1; +http://www.google.com/bot.html)"
65.55.52.117 - - [31/Jul/2013:09:10:10 -0400] "GET /robots.txt HTTP/1.1" 200 - "-" "Mozilla/5.0 (compatible; bingbot/2.0; +http://www.bing.com/bingbot.htm)"
65.55.52.117 - - [31/Jul/2013:09:20:43 -0400] "GET /resources.html HTTP/1.1" 200 3910 "-" "Mozilla/5.0 (compatible; bingbot/2.0; +http://www.bing.com/bingbot.htm)"
65.36.241.76 - - [31/Jul/2013:09:37:17 -0400] "GET / HTTP/1.1" 200 6665 "-" "InternetSeer.com"
5.10.83.55 - - [31/Jul/2013:10:21:42 -0400] "GET /services.html HTTP/1.1" 200 9256 "-" "Mozilla/5.0 (compatible; AhrefsBot/5.0; +http://ahrefs.com/robot/)"
5.10.83.55 - - [31/Jul/2013:10:38:33 -0400] "GET /video/DeadSpace1.mp4 HTTP/1.1" 200 9515459 "-" "Mozilla/5.0 (compatible; AhrefsBot/5.0; +http://ahrefs.com/robot/)"
65.36.241.76 - - [31/Jul/2013:10:59:00 -0400] "GET / HTTP/1.1" 200 6665 "-" "InternetSeer.com"
5.10.83.55 - - [31/Jul/2013:11:00:26 -0400] "GET /layout.html HTTP/1.1" 200 3684 "-" "Mozilla/5.0 (compatible; AhrefsBot/5.0; +http://ahrefs.com/robot/)"
208.115.113.90 - - [31/Jul/2013:11:26:52 -0400] "GET /robots.txt HTTP/1.1" 200 - "-" "Mozilla/5.0 (compatible; Ezooms/1.0; ezooms.bot@gmail.com)"
208.115.113.90 - - [31/Jul/2013:12:00:14 -0400] "GET / HTTP/1.1" 200 6665 "-" "Mozilla/5.0 (compatible; Ezooms/1.0; ezooms.bot@gmail.com)"
5.10.83.55 - - [31/Jul/2013:12:18:12 -0400] "GET /contact.html HTTP/1.1" 200 3277 "-" "Mozilla/5.0 (compatible; AhrefsBot/5.0; +http://ahrefs.com/robot/)"
65.36.241.76 - - [31/Jul/2013:12:24:03 -0400] "GET / HTTP/1.1" 200 6665 "-" "InternetSeer.com"
157.55.32.149 - - [31/Jul/2013:12:34:41 -0400] "GET /robots.txt HTTP/1.1" 200 - "-" "Mozilla/5.0 (compatible; bingbot/2.0; +http://www.bing.com/bingbot.htm)"
157.55.32.149 - - [31/Jul/2013:12:35:11 -0400] "GET / HTTP/1.1" 200 6665 "-" "Mozilla/5.0 (compatible; bingbot/2.0; +http://www.bing.com/bingbot.htm)"
5.10.83.55 - - [31/Jul/2013:13:00:08 -0400] "GET /resources.html HTTP/1.1" 200 3910 "-" "Mozilla/5.0 (compatible; AhrefsBot/5.0; +http://ahrefs.com/robot/)"
66.249.72.84 - - [31/Jul/2013:13:07:06 -0400] "GET /layout.html HTTP/1.1" 200 3684 "-" "Mozilla/5.0 (iPhone; U; CPU iPhone OS 4_1 like Mac OS X; en-us) AppleWebKit/532.9 (KHTML, like Gecko) Version/4.0.5 Mobile/8B117 Safari/6531.22.7 (compatible; Googlebot-Mobile/2.1; +http://www.google.com/bot.html)"
157.56.92.141 - - [31/Jul/2013:13:23:44 -0400] "GET /index.html HTTP/1.1" 200 6665 "-" "Mozilla/5.0 (compatible; bingbot/2.0; +http://www.bing.com/bingbot.htm)"
157.56.92.141 - - [31/Jul/2013:13:23:58 -0400] "GET /css/style.css HTTP/1.1" 200 9651 "-" "Mozilla/5.0 (compatible; bingbot/2.0; +http://www.bing.com/bingbot.htm)"
200.123.164.77 - - [31/Jul/2013:13:24:03 -0400] "GET /images/SophiaHat%20Studio%20-%2004.jpg HTTP/1.1" 200 116619 "http://www.google.com.ar/blank.html" "Mozilla/5.0 (Windows NT 6.1) AppleWebKit/537.36 (KHTML, like Gecko) Chrome/28.0.1500.72 Safari/537.36"
200.123.164.77 - - [31/Jul/2013:13:25:06 -0400] "GET /images/SophiaHat%20Studio%20-%2005.jpg HTTP/1.1" 200 107698 "http://www.google.com.ar/blank.html" "Mozilla/5.0 (Windows NT 6.1) AppleWebKit/537.36 (KHTML, like Gecko) Chrome/28.0.1500.72 Safari/537.36"
98.247.37.44 - - [31/Jul/2013:13:51:20 -0400] "GET /index.html HTTP/1.1" 200 6665 "-" "Mozilla/5.0 (Windows NT 6.0; rv:22.0) Gecko/20100101 Firefox/22.0"
98.247.37.44 - - [31/Jul/2013:13:51:20 -0400] "GET /css/style.css HTTP/1.1" 200 9651 "http://www.sophiahatstudio.com/index.html" "Mozilla/5.0 (Windows NT 6.0; rv:22.0) Gecko/20100101 Firefox/22.0"
98.247.37.44 - - [31/Jul/2013:13:51:20 -0400] "GET /css/images/img01.gif HTTP/1.1" 200 399 "http://www.sophiahatstudio.com/css/style.css" "Mozilla/5.0 (Windows NT 6.0; rv:22.0) Gecko/20100101 Firefox/22.0"
98.247.37.44 - - [31/Jul/2013:13:51:20 -0400] "GET /css/images/img07.gif HTTP/1.1" 200 2214 "http://www.sophiahatstudio.com/css/style.css" "Mozilla/5.0 (Windows NT 6.0; rv:22.0) Gecko/20100101 Firefox/22.0"
98.247.37.44 - - [31/Jul/2013:13:51:20 -0400] "GET /css/images/img06.png HTTP/1.1" 200 471 "http://www.sophiahatstudio.com/css/style.css" "Mozilla/5.0 (Windows NT 6.0; rv:22.0) Gecko/20100101 Firefox/22.0"
98.247.37.44 - - [31/Jul/2013:13:51:20 -0400] "GET /css/images/BannerBottomNew.png HTTP/1.1" 200 57856 "http://www.sophiahatstudio.com/css/style.css" "Mozilla/5.0 (Windows NT 6.0; rv:22.0) Gecko/20100101 Firefox/22.0"
98.247.37.44 - - [31/Jul/2013:13:51:20 -0400] "GET /css/images/BannerMidNew.png HTTP/1.1" 200 84480 "http://www.sophiahatstudio.com/css/style.css" "Mozilla/5.0 (Windows NT 6.0; rv:22.0) Gecko/20100101 Firefox/22.0"
98.247.37.44 - - [31/Jul/2013:13:51:20 -0400] "GET /css/images/BannerTopNew.png HTTP/1.1" 200 219136 "http://www.sophiahatstudio.com/css/style.css" "Mozilla/5.0 (Windows NT 6.0; rv:22.0) Gecko/20100101 Firefox/22.0"
157.55.33.109 - - [31/Jul/2013:13:57:31 -0400] "GET /rates.html HTTP/1.1" 200 3665 "-" "Mozilla/5.0 (compatible; bingbot/2.0; +http://www.bing.com/bingbot.htm)"
75.15.211.152 - - [31/Jul/2013:13:57:51 -0400] "GET / HTTP/1.1" 200 6665 "http://www.google.com/url?sa=t&rct=j&q=&esrc=s&source=web&cd=6&ved=0CG4QFjAF&url=http%3A%2F%2Fwww.sophiahatstudio.com%2F&ei=ik75UbnOMeK3iwL_6IGgCA&usg=AFQjCNE4G-VTpsisHbLKNYWIcidOQZVV7g&bvm=bv.49967636,d.cGE" "Mozilla/5.0 (Windows NT 6.1; rv:10.0) Gecko/20100101 Firefox/10.0"
75.15.211.152 - - [31/Jul/2013:13:57:51 -0400] "GET /css/style.css HTTP/1.1" 200 9651 "http://www.sophiahatstudio.com/" "Mozilla/5.0 (Windows NT 6.1; rv:10.0) Gecko/20100101 Firefox/10.0"
75.15.211.152 - - [31/Jul/2013:13:57:51 -0400] "GET /flowplayer/flowplayer-3.2.4.min.js HTTP/1.1" 200 15723 "http://www.sophiahatstudio.com/" "Mozilla/5.0 (Windows NT 6.1; rv:10.0) Gecko/20100101 Firefox/10.0"
75.15.211.152 - - [31/Jul/2013:13:57:51 -0400] "GET /css/images/img01.gif HTTP/1.1" 200 399 "http://www.sophiahatstudio.com/css/style.css" "Mozilla/5.0 (Windows NT 6.1; rv:10.0) Gecko/20100101 Firefox/10.0"
75.15.211.152 - - [31/Jul/2013:13:57:52 -0400] "GET /css/images/img06.png HTTP/1.1" 200 471 "http://www.sophiahatstudio.com/css/style.css" "Mozilla/5.0 (Windows NT 6.1; rv:10.0) Gecko/20100101 Firefox/10.0"
75.15.211.152 - - [31/Jul/2013:13:57:52 -0400] "GET /css/images/img07.gif HTTP/1.1" 200 2214 "http://www.sophiahatstudio.com/css/style.css" "Mozilla/5.0 (Windows NT 6.1; rv:10.0) Gecko/20100101 Firefox/10.0"
75.15.211.152 - - [31/Jul/2013:13:57:52 -0400] "GET /css/images/BannerBottomNew.png HTTP/1.1" 200 57856 "http://www.sophiahatstudio.com/css/style.css" "Mozilla/5.0 (Windows NT 6.1; rv:10.0) Gecko/20100101 Firefox/10.0"
75.15.211.152 - - [31/Jul/2013:13:57:52 -0400] "GET /flowplayer/flowplayer-3.2.5.swf?0.5892908392225491 HTTP/1.1" 200 118914 "http://www.sophiahatstudio.com/" "Mozilla/5.0 (Windows NT 6.1; rv:10.0) Gecko/20100101 Firefox/10.0"
75.15.211.152 - - [31/Jul/2013:13:57:52 -0400] "GET /css/images/BannerMidNew.png HTTP/1.1" 200 84480 "http://www.sophiahatstudio.com/css/style.css" "Mozilla/5.0 (Windows NT 6.1; rv:10.0) Gecko/20100101 Firefox/10.0"
75.15.211.152 - - [31/Jul/2013:13:57:53 -0400] "GET /flowplayer/flowplayer.controls-3.2.3.swf HTTP/1.1" 200 35926 "-" "Mozilla/5.0 (Windows NT 6.1; rv:10.0) Gecko/20100101 Firefox/10.0"
75.15.211.152 - - [31/Jul/2013:13:57:51 -0400] "GET /css/images/BannerTopNew.png HTTP/1.1" 200 219136 "http://www.sophiahatstudio.com/css/style.css" "Mozilla/5.0 (Windows NT 6.1; rv:10.0) Gecko/20100101 Firefox/10.0"
75.15.211.152 - - [31/Jul/2013:13:57:53 -0400] "GET /favicon.ico HTTP/1.1" 200 - "-" "Mozilla/5.0 (Windows NT 6.1; rv:10.0) Gecko/20100101 Firefox/10.0"
75.15.211.152 - - [31/Jul/2013:13:57:53 -0400] "GET /video/SophiaHat%20Studio-Display2.m4v HTTP/1.1" 200 10225279 "-" "Mozilla/5.0 (Windows NT 6.1; rv:10.0) Gecko/20100101 Firefox/10.0"
75.15.211.152 - - [31/Jul/2013:13:58:44 -0400] "GET /rates.html HTTP/1.1" 200 3665 "http://www.sophiahatstudio.com/" "Mozilla/5.0 (Windows NT 6.1; rv:10.0) Gecko/20100101 Firefox/10.0"
75.15.211.152 - - [31/Jul/2013:13:58:45 -0400] "GET /images/SophiaHat%20Studio%20-%2002.jpg HTTP/1.1" 200 92865 "http://www.sophiahatstudio.com/rates.html" "Mozilla/5.0 (Windows NT 6.1; rv:10.0) Gecko/20100101 Firefox/10.0"
75.15.211.152 - - [31/Jul/2013:13:59:35 -0400] "GET /gear.html HTTP/1.1" 200 18125 "http://www.sophiahatstudio.com/rates.html" "Mozilla/5.0 (Windows NT 6.1; rv:10.0) Gecko/20100101 Firefox/10.0"
75.15.211.152 - - [31/Jul/2013:13:59:35 -0400] "GET /css/citymouse.css HTTP/1.1" 200 4334 "http://www.sophiahatstudio.com/gear.html" "Mozilla/5.0 (Windows NT 6.1; rv:10.0) Gecko/20100101 Firefox/10.0"
75.15.211.152 - - [31/Jul/2013:13:59:35 -0400] "GET /scripts/tabber.js HTTP/1.1" 200 15516 "http://www.sophiahatstudio.com/gear.html" "Mozilla/5.0 (Windows NT 6.1; rv:10.0) Gecko/20100101 Firefox/10.0"
75.15.211.152 - - [31/Jul/2013:13:59:36 -0400] "GET /images/SophiaHat%20Studio%20-%2005.jpg HTTP/1.1" 200 107698 "http://www.sophiahatstudio.com/gear.html" "Mozilla/5.0 (Windows NT 6.1; rv:10.0) Gecko/20100101 Firefox/10.0"
75.15.211.152 - - [31/Jul/2013:13:59:35 -0400] "GET /images/avioms2.jpg HTTP/1.1" 200 208243 "http://www.sophiahatstudio.com/gear.html" "Mozilla/5.0 (Windows NT 6.1; rv:10.0) Gecko/20100101 Firefox/10.0"
75.15.211.152 - - [31/Jul/2013:13:59:36 -0400] "GET /css/images/knobse.jpg HTTP/1.1" 200 70869 "http://www.sophiahatstudio.com/css/citymouse.css" "Mozilla/5.0 (Windows NT 6.1; rv:10.0) Gecko/20100101 Firefox/10.0"
75.15.211.152 - - [31/Jul/2013:13:59:37 -0400] "GET /css/images/blockdefault.png HTTP/1.1" 200 98 "http://www.sophiahatstudio.com/css/style.css" "Mozilla/5.0 (Windows NT 6.1; rv:10.0) Gecko/20100101 Firefox/10.0"
75.15.211.152 - - [31/Jul/2013:13:59:37 -0400] "GET /css/images/blockactive.png HTTP/1.1" 200 99 "http://www.sophiahatstudio.com/css/style.css" "Mozilla/5.0 (Windows NT 6.1; rv:10.0) Gecko/20100101 Firefox/10.0"
75.15.211.152 - - [31/Jul/2013:13:59:55 -0400] "GET /sound_design.html HTTP/1.1" 200 5294 "http://www.sophiahatstudio.com/gear.html" "Mozilla/5.0 (Windows NT 6.1; rv:10.0) Gecko/20100101 Firefox/10.0"
75.15.211.152 - - [31/Jul/2013:13:59:55 -0400] "GET /flowplayer/flowplayer.playlist-3.0.8.min.js HTTP/1.1" 200 2365 "http://www.sophiahatstudio.com/sound_design.html" "Mozilla/5.0 (Windows NT 6.1; rv:10.0) Gecko/20100101 Firefox/10.0"
75.15.211.152 - - [31/Jul/2013:13:59:55 -0400] "GET /images/DeadSpace1thmb.jpg HTTP/1.1" 200 2207 "http://www.sophiahatstudio.com/sound_design.html" "Mozilla/5.0 (Windows NT 6.1; rv:10.0) Gecko/20100101 Firefox/10.0"
75.15.211.152 - - [31/Jul/2013:13:59:55 -0400] "GET /images/Aflac_thmb.jpg HTTP/1.1" 200 4255 "http://www.sophiahatstudio.com/sound_design.html" "Mozilla/5.0 (Windows NT 6.1; rv:10.0) Gecko/20100101 Firefox/10.0"
75.15.211.152 - - [31/Jul/2013:13:59:55 -0400] "GET /images/Sam_thmb.jpg HTTP/1.1" 200 6130 "http://www.sophiahatstudio.com/sound_design.html" "Mozilla/5.0 (Windows NT 6.1; rv:10.0) Gecko/20100101 Firefox/10.0"
75.15.211.152 - - [31/Jul/2013:13:59:55 -0400] "GET /images/FacingWorlds_thmb.jpg HTTP/1.1" 200 7300 "http://www.sophiahatstudio.com/sound_design.html" "Mozilla/5.0 (Windows NT 6.1; rv:10.0) Gecko/20100101 Firefox/10.0"
75.15.211.152 - - [31/Jul/2013:13:59:55 -0400] "GET /images/BreachandClear_CLS2.jpg HTTP/1.1" 200 15236 "http://www.sophiahatstudio.com/sound_design.html" "Mozilla/5.0 (Windows NT 6.1; rv:10.0) Gecko/20100101 Firefox/10.0"
75.15.211.152 - - [31/Jul/2013:13:59:56 -0400] "GET /images/efile_thmb.jpg HTTP/1.1" 200 6204 "http://www.sophiahatstudio.com/sound_design.html" "Mozilla/5.0 (Windows NT 6.1; rv:10.0) Gecko/20100101 Firefox/10.0"
75.15.211.152 - - [31/Jul/2013:13:59:56 -0400] "GET /images/PaintingDay_thmb.jpg HTTP/1.1" 200 4578 "http://www.sophiahatstudio.com/sound_design.html" "Mozilla/5.0 (Windows NT 6.1; rv:10.0) Gecko/20100101 Firefox/10.0"
75.15.211.152 - - [31/Jul/2013:13:59:56 -0400] "GET /images/FancyNancy_thmb.jpg HTTP/1.1" 200 7631 "http://www.sophiahatstudio.com/sound_design.html" "Mozilla/5.0 (Windows NT 6.1; rv:10.0) Gecko/20100101 Firefox/10.0"
75.15.211.152 - - [31/Jul/2013:13:59:56 -0400] "GET /images/Stevinson_CLSthmb.jpg HTTP/1.1" 200 6115 "http://www.sophiahatstudio.com/sound_design.html" "Mozilla/5.0 (Windows NT 6.1; rv:10.0) Gecko/20100101 Firefox/10.0"
75.15.211.152 - - [31/Jul/2013:13:59:56 -0400] "GET /images/epsilon3_thmb.jpg HTTP/1.1" 200 3209 "http://www.sophiahatstudio.com/sound_design.html" "Mozilla/5.0 (Windows NT 6.1; rv:10.0) Gecko/20100101 Firefox/10.0"
75.15.211.152 - - [31/Jul/2013:13:59:56 -0400] "GET /images/Century21_thmb.jpg HTTP/1.1" 200 6129 "http://www.sophiahatstudio.com/sound_design.html" "Mozilla/5.0 (Windows NT 6.1; rv:10.0) Gecko/20100101 Firefox/10.0"
75.15.211.152 - - [31/Jul/2013:13:59:56 -0400] "GET /flowplayer/flowplayer-3.2.5.swf?0.86514015649613 HTTP/1.1" 200 118914 "http://www.sophiahatstudio.com/sound_design.html" "Mozilla/5.0 (Windows NT 6.1; rv:10.0) Gecko/20100101 Firefox/10.0"
75.15.211.152 - - [31/Jul/2013:13:59:59 -0400] "GET /aboutus.html HTTP/1.1" 200 5130 "http://www.sophiahatstudio.com/sound_design.html" "Mozilla/5.0 (Windows NT 6.1; rv:10.0) Gecko/20100101 Firefox/10.0"
75.15.211.152 - - [31/Jul/2013:13:59:57 -0400] "GET /video/DeadSpace1.mp4 HTTP/1.1" 200 9515459 "-" "Mozilla/5.0 (Windows NT 6.1; rv:10.0) Gecko/20100101 Firefox/10.0"
75.15.211.152 - - [31/Jul/2013:14:00:00 -0400] "GET /images/SophiaHat%20Studio%20-%2010.jpg HTTP/1.1" 200 86769 "http://www.sophiahatstudio.com/aboutus.html" "Mozilla/5.0 (Windows NT 6.1; rv:10.0) Gecko/20100101 Firefox/10.0"
75.15.211.152 - - [31/Jul/2013:14:00:19 -0400] "GET /clients.html HTTP/1.1" 200 6679 "http://www.sophiahatstudio.com/aboutus.html" "Mozilla/5.0 (Windows NT 6.1; rv:10.0) Gecko/20100101 Firefox/10.0"
75.15.211.152 - - [31/Jul/2013:14:00:20 -0400] "GET /images/SophiaHat%20Studio%20-%2004.jpg HTTP/1.1" 200 116619 "http://www.sophiahatstudio.com/clients.html" "Mozilla/5.0 (Windows NT 6.1; rv:10.0) Gecko/20100101 Firefox/10.0"
75.15.211.152 - - [31/Jul/2013:14:00:30 -0400] "GET /flowplayer/flowplayer-3.2.5.swf?0.86514015649613 HTTP/1.1" 304 - "http://www.sophiahatstudio.com/sound_design.html" "Mozilla/5.0 (Windows NT 6.1; rv:10.0) Gecko/20100101 Firefox/10.0"
75.15.211.152 - - [31/Jul/2013:14:00:32 -0400] "GET /flowplayer/flowplayer-3.2.5.swf?0.38818589175820395 HTTP/1.1" 200 118914 "http://www.sophiahatstudio.com/" "Mozilla/5.0 (Windows NT 6.1; rv:10.0) Gecko/20100101 Firefox/10.0"
65.36.241.76 - - [31/Jul/2013:14:02:26 -0400] "GET / HTTP/1.1" 200 6665 "-" "InternetSeer.com"
199.30.24.88 - - [31/Jul/2013:14:25:01 -0400] "GET /flowplayer/flowplayer-3.2.4.min.js HTTP/1.1" 200 15723 "http://www.sophiahatstudio.com/index.html" "Mozilla/5.0 (Windows NT 6.1; WOW64) AppleWebKit/534+ (KHTML, like Gecko) BingPreview/1.0b"
199.30.24.88 - - [31/Jul/2013:14:25:03 -0400] "GET /css/images/img01.gif HTTP/1.1" 200 399 "http://www.sophiahatstudio.com/index.html" "Mozilla/5.0 (Windows NT 6.1; WOW64) AppleWebKit/534+ (KHTML, like Gecko) BingPreview/1.0b"
199.30.24.88 - - [31/Jul/2013:14:25:03 -0400] "GET /css/images/img06.png HTTP/1.1" 200 471 "http://www.sophiahatstudio.com/index.html" "Mozilla/5.0 (Windows NT 6.1; WOW64) AppleWebKit/534+ (KHTML, like Gecko) BingPreview/1.0b"
199.30.24.88 - - [31/Jul/2013:14:25:03 -0400] "GET /css/images/BannerBottomNew.png HTTP/1.1" 200 57856 "http://www.sophiahatstudio.com/index.html" "Mozilla/5.0 (Windows NT 6.1; WOW64) AppleWebKit/534+ (KHTML, like Gecko) BingPreview/1.0b"
199.30.24.88 - - [31/Jul/2013:14:25:03 -0400] "GET /css/images/BannerMidNew.png HTTP/1.1" 200 84480 "http://www.sophiahatstudio.com/index.html" "Mozilla/5.0 (Windows NT 6.1; WOW64) AppleWebKit/534+ (KHTML, like Gecko) BingPreview/1.0b"
199.30.24.88 - - [31/Jul/2013:14:25:04 -0400] "GET /css/images/img07.gif HTTP/1.1" 200 2214 "http://www.sophiahatstudio.com/index.html" "Mozilla/5.0 (Windows NT 6.1; WOW64) AppleWebKit/534+ (KHTML, like Gecko) BingPreview/1.0b"
199.30.24.88 - - [31/Jul/2013:14:25:03 -0400] "GET /css/images/BannerTopNew.png HTTP/1.1" 200 219136 "http://www.sophiahatstudio.com/index.html" "Mozilla/5.0 (Windows NT 6.1; WOW64) AppleWebKit/534+ (KHTML, like Gecko) BingPreview/1.0b"
157.56.92.141 - - [31/Jul/2013:14:59:39 -0400] "GET /robots.txt HTTP/1.1" 200 - "-" "Mozilla/5.0 (compatible; bingbot/2.0; +http://www.bing.com/bingbot.htm)"
157.56.92.141 - - [31/Jul/2013:15:02:46 -0400] "GET /cspencer.html HTTP/1.1" 200 3917 "-" "Mozilla/5.0 (compatible; bingbot/2.0; +http://www.bing.com/bingbot.htm)"
5.10.83.61 - - [31/Jul/2013:15:09:00 -0400] "GET /aboutus.html HTTP/1.1" 200 5130 "-" "Mozilla/5.0 (compatible; AhrefsBot/5.0; +http://ahrefs.com/robot/)"
5.10.83.61 - - [31/Jul/2013:15:21:52 -0400] "GET /layout.html HTTP/1.1" 200 3684 "-" "Mozilla/5.0 (compatible; AhrefsBot/5.0; +http://ahrefs.com/robot/)"
5.10.83.61 - - [31/Jul/2013:15:43:54 -0400] "GET /images/layoutSophiahatStudio.png HTTP/1.1" 200 193368 "-" "Mozilla/5.0 (compatible; AhrefsBot/5.0; +http://ahrefs.com/robot/)"
5.10.83.61 - - [31/Jul/2013:15:55:28 -0400] "GET /contact.html HTTP/1.1" 200 3277 "-" "Mozilla/5.0 (compatible; AhrefsBot/5.0; +http://ahrefs.com/robot/)"
199.30.24.194 - - [31/Jul/2013:16:04:03 -0400] "GET /images/Chris%20024.jpg HTTP/1.1" 200 661585 "http://www.sophiahatstudio.com/cspencer.html" "Mozilla/5.0 (Windows NT 6.1; WOW64) AppleWebKit/534+ (KHTML, like Gecko) BingPreview/1.0b"
123.151.139.218 - - [31/Jul/2013:16:08:08 -0400] "GET / HTTP/1.1" 200 6665 "http://sophiahatstudio.com/" "Mozilla/5.0 (compatible; Sosospider/2.0; +http://help.soso.com/webspider.htm)"
5.10.83.61 - - [31/Jul/2013:16:35:37 -0400] "GET /video/efile_cls_mix1.mp4 HTTP/1.1" 200 1309930 "-" "Mozilla/5.0 (compatible; AhrefsBot/5.0; +http://ahrefs.com/robot/)"
65.36.241.76 - - [31/Jul/2013:16:41:55 -0400] "GET / HTTP/1.1" 200 6665 "-" "InternetSeer.com"
50.132.66.31 - - [31/Jul/2013:17:11:39 -0400] "GET /cpanel HTTP/1.1" 200 8644 "-" "Mozilla/5.0 (X11; Linux i686) AppleWebKit/537.36 (KHTML, like Gecko) Ubuntu Chromium/28.0.1500.52 Chrome/28.0.1500.52 Safari/537.36"
50.132.66.31 - - [31/Jul/2013:17:11:40 -0400] "GET /img-sys/bg.jpg HTTP/1.1" 200 508 "http://www.sophiahatstudio.com/cpanel" "Mozilla/5.0 (X11; Linux i686) AppleWebKit/537.36 (KHTML, like Gecko) Ubuntu Chromium/28.0.1500.52 Chrome/28.0.1500.52 Safari/537.36"
50.132.66.31 - - [31/Jul/2013:17:11:40 -0400] "GET /img-sys/headerbg.jpg HTTP/1.1" 200 9366 "http://www.sophiahatstudio.com/cpanel" "Mozilla/5.0 (X11; Linux i686) AppleWebKit/537.36 (KHTML, like Gecko) Ubuntu Chromium/28.0.1500.52 Chrome/28.0.1500.52 Safari/537.36"
50.132.66.31 - - [31/Jul/2013:17:11:40 -0400] "GET /img-sys/contentbox.jpg HTTP/1.1" 200 8846 "http://www.sophiahatstudio.com/cpanel" "Mozilla/5.0 (X11; Linux i686) AppleWebKit/537.36 (KHTML, like Gecko) Ubuntu Chromium/28.0.1500.52 Chrome/28.0.1500.52 Safari/537.36"
71.198.73.10 - - [31/Jul/2013:17:29:15 -0400] "GET / HTTP/1.1" 200 6665 "http://www.google.com/url?sa=t&rct=j&q=&esrc=s&source=web&cd=1&ved=0CC0QFjAA&url=http%3A%2F%2Fwww.sophiahatstudio.com%2F&ei=poH5UdzJJZCvigKhioDIDg&usg=AFQjCNE4G-VTpsisHbLKNYWIcidOQZVV7g&bvm=bv.50165853,d.cGE" "Mozilla/5.0 (Macintosh; Intel Mac OS X 10.6; rv:22.0) Gecko/20100101 Firefox/22.0"
71.198.73.10 - - [31/Jul/2013:17:29:15 -0400] "GET /flowplayer/flowplayer-3.2.5.swf?0.14746203830130922 HTTP/1.1" 200 118914 "http://www.sophiahatstudio.com/" "Mozilla/5.0 (Macintosh; Intel Mac OS X 10.6; rv:22.0) Gecko/20100101 Firefox/22.0"
71.198.73.10 - - [31/Jul/2013:17:30:19 -0400] "GET /contact.html HTTP/1.1" 200 3277 "http://www.sophiahatstudio.com/" "Mozilla/5.0 (Macintosh; Intel Mac OS X 10.6; rv:22.0) Gecko/20100101 Firefox/22.0"
71.198.73.10 - - [31/Jul/2013:17:30:19 -0400] "GET /images/SophiaHat%20Studio%20-%2001.jpg HTTP/1.1" 200 134947 "http://www.sophiahatstudio.com/contact.html" "Mozilla/5.0 (Macintosh; Intel Mac OS X 10.6; rv:22.0) Gecko/20100101 Firefox/22.0"
71.198.73.10 - - [31/Jul/2013:17:31:23 -0400] "GET /flowplayer/flowplayer-3.2.5.swf?0.14746203830130922 HTTP/1.1" 304 - "http://www.sophiahatstudio.com/" "Mozilla/5.0 (Macintosh; Intel Mac OS X 10.6; rv:22.0) Gecko/20100101 Firefox/22.0"
65.36.241.76 - - [31/Jul/2013:18:19:58 -0400] "GET / HTTP/1.1" 200 6665 "-" "InternetSeer.com"
12.40.192.51 - - [31/Jul/2013:18:21:07 -0400] "GET /images/SophiaHat%20Studio%20-%2012.jpg HTTP/1.1" 200 95643 "http://seattlejazzscene.com/?s=nova" "Mozilla/5.0 (compatible; MSIE 10.0; Windows NT 6.1; WOW64; Trident/6.0)"
66.249.72.84 - - [31/Jul/2013:18:22:12 -0400] "GET /robots.txt HTTP/1.1" 200 - "-" "Mozilla/5.0 (compatible; Googlebot/2.1; +http://www.google.com/bot.html)"
66.249.72.84 - - [31/Jul/2013:18:22:12 -0400] "GET /tprather.html HTTP/1.1" 200 3568 "-" "SAMSUNG-SGH-E250/1.0 Profile/MIDP-2.0 Configuration/CLDC-1.1 UP.Browser/6.2.3.3.c.1.101 (GUI) MMP/2.0 (compatible; Googlebot-Mobile/2.1; +http://www.google.com/bot.html)"
50.132.66.31 - - [31/Jul/2013:18:31:21 -0400] "GET /cpanel HTTP/1.1" 200 8644 "-" "Mozilla/5.0 (Macintosh; Intel Mac OS X 10_7_4) AppleWebKit/534.57.2 (KHTML, like Gecko) Version/5.1.7 Safari/534.57.2"
50.132.66.31 - - [31/Jul/2013:18:31:21 -0400] "GET /img-sys/bg.jpg HTTP/1.1" 200 508 "http://www.sophiahatstudio.com/cpanel" "Mozilla/5.0 (Macintosh; Intel Mac OS X 10_7_4) AppleWebKit/534.57.2 (KHTML, like Gecko) Version/5.1.7 Safari/534.57.2"
50.132.66.31 - - [31/Jul/2013:18:31:22 -0400] "GET /img-sys/headerbg.jpg HTTP/1.1" 200 9366 "http://www.sophiahatstudio.com/cpanel" "Mozilla/5.0 (Macintosh; Intel Mac OS X 10_7_4) AppleWebKit/534.57.2 (KHTML, like Gecko) Version/5.1.7 Safari/534.57.2"
50.132.66.31 - - [31/Jul/2013:18:31:22 -0400] "GET /img-sys/contentbox.jpg HTTP/1.1" 200 8846 "http://www.sophiahatstudio.com/cpanel" "Mozilla/5.0 (Macintosh; Intel Mac OS X 10_7_4) AppleWebKit/534.57.2 (KHTML, like Gecko) Version/5.1.7 Safari/534.57.2"
50.132.66.31 - - [31/Jul/2013:18:31:56 -0400] "GET / HTTP/1.1" 200 6665 "-" "Mozilla/5.0 (Macintosh; Intel Mac OS X 10_7_4) AppleWebKit/534.57.2 (KHTML, like Gecko) Version/5.1.7 Safari/534.57.2"
98.237.248.89 - - [31/Jul/2013:19:19:01 -0400] "GET / HTTP/1.1" 200 6665 "http://www.google.com/url?sa=t&rct=j&q=seattle%20recording%20studios&source=web&cd=9&ved=0CLgBEBYwCA&url=http%3A%2F%2Fwww.sophiahatstudio.com%2F&ei=z5n5Uf39HaTmiwLBooHIAw&usg=AFQjCNE4G-VTpsisHbLKNYWIcidOQZVV7g&bvm=bv.50165853,d.cGE" "Mozilla/5.0 (iPad; CPU OS 5_1 like Mac OS X) AppleWebKit/534.46 (KHTML, like Gecko) Version/5.1 Mobile/9B176 Safari/7534.48.3"
98.237.248.89 - - [31/Jul/2013:19:19:01 -0400] "GET /css/style.css HTTP/1.1" 200 9651 "http://www.sophiahatstudio.com/" "Mozilla/5.0 (iPad; CPU OS 5_1 like Mac OS X) AppleWebKit/534.46 (KHTML, like Gecko) Version/5.1 Mobile/9B176 Safari/7534.48.3"
98.237.248.89 - - [31/Jul/2013:19:19:02 -0400] "GET /flowplayer/flowplayer-3.2.4.min.js HTTP/1.1" 200 15723 "http://www.sophiahatstudio.com/" "Mozilla/5.0 (iPad; CPU OS 5_1 like Mac OS X) AppleWebKit/534.46 (KHTML, like Gecko) Version/5.1 Mobile/9B176 Safari/7534.48.3"
98.237.248.89 - - [31/Jul/2013:19:19:02 -0400] "GET /css/images/img01.gif HTTP/1.1" 200 399 "http://www.sophiahatstudio.com/" "Mozilla/5.0 (iPad; CPU OS 5_1 like Mac OS X) AppleWebKit/534.46 (KHTML, like Gecko) Version/5.1 Mobile/9B176 Safari/7534.48.3"
98.237.248.89 - - [31/Jul/2013:19:19:03 -0400] "GET /css/images/BannerBottomNew.png HTTP/1.1" 200 57856 "http://www.sophiahatstudio.com/" "Mozilla/5.0 (iPad; CPU OS 5_1 like Mac OS X) AppleWebKit/534.46 (KHTML, like Gecko) Version/5.1 Mobile/9B176 Safari/7534.48.3"
98.237.248.89 - - [31/Jul/2013:19:19:03 -0400] "GET /css/images/img06.png HTTP/1.1" 200 471 "http://www.sophiahatstudio.com/" "Mozilla/5.0 (iPad; CPU OS 5_1 like Mac OS X) AppleWebKit/534.46 (KHTML, like Gecko) Version/5.1 Mobile/9B176 Safari/7534.48.3"
98.237.248.89 - - [31/Jul/2013:19:19:03 -0400] "GET /css/images/img07.gif HTTP/1.1" 200 2214 "http://www.sophiahatstudio.com/" "Mozilla/5.0 (iPad; CPU OS 5_1 like Mac OS X) AppleWebKit/534.46 (KHTML, like Gecko) Version/5.1 Mobile/9B176 Safari/7534.48.3"
98.237.248.89 - - [31/Jul/2013:19:19:03 -0400] "GET /css/images/BannerMidNew.png HTTP/1.1" 200 84480 "http://www.sophiahatstudio.com/" "Mozilla/5.0 (iPad; CPU OS 5_1 like Mac OS X) AppleWebKit/534.46 (KHTML, like Gecko) Version/5.1 Mobile/9B176 Safari/7534.48.3"
98.237.248.89 - - [31/Jul/2013:19:19:03 -0400] "GET /css/images/BannerTopNew.png HTTP/1.1" 200 219136 "http://www.sophiahatstudio.com/" "Mozilla/5.0 (iPad; CPU OS 5_1 like Mac OS X) AppleWebKit/534.46 (KHTML, like Gecko) Version/5.1 Mobile/9B176 Safari/7534.48.3"
98.237.248.89 - - [31/Jul/2013:19:19:14 -0400] "GET /contact.html HTTP/1.1" 200 3277 "http://www.sophiahatstudio.com/" "Mozilla/5.0 (iPad; CPU OS 5_1 like Mac OS X) AppleWebKit/534.46 (KHTML, like Gecko) Version/5.1 Mobile/9B176 Safari/7534.48.3"
98.237.248.89 - - [31/Jul/2013:19:19:14 -0400] "GET /images/SophiaHat%20Studio%20-%2001.jpg HTTP/1.1" 200 134947 "http://www.sophiahatstudio.com/contact.html" "Mozilla/5.0 (iPad; CPU OS 5_1 like Mac OS X) AppleWebKit/534.46 (KHTML, like Gecko) Version/5.1 Mobile/9B176 Safari/7534.48.3"
98.237.248.89 - - [31/Jul/2013:19:19:20 -0400] "GET /contact.html HTTP/1.1" 200 3277 "http://www.sophiahatstudio.com/contact.html" "Mozilla/5.0 (iPad; CPU OS 5_1 like Mac OS X) AppleWebKit/534.46 (KHTML, like Gecko) Version/5.1 Mobile/9B176 Safari/7534.48.3"
98.237.248.89 - - [31/Jul/2013:19:19:34 -0400] "GET /studiopolicy.html HTTP/1.1" 200 4010 "http://www.sophiahatstudio.com/contact.html" "Mozilla/5.0 (iPad; CPU OS 5_1 like Mac OS X) AppleWebKit/534.46 (KHTML, like Gecko) Version/5.1 Mobile/9B176 Safari/7534.48.3"
98.237.248.89 - - [31/Jul/2013:19:19:34 -0400] "GET /images/SophiaHat%20Studio%20-%2007.jpg HTTP/1.1" 200 108488 "http://www.sophiahatstudio.com/studiopolicy.html" "Mozilla/5.0 (iPad; CPU OS 5_1 like Mac OS X) AppleWebKit/534.46 (KHTML, like Gecko) Version/5.1 Mobile/9B176 Safari/7534.48.3"
65.36.241.76 - - [31/Jul/2013:19:28:19 -0400] "GET / HTTP/1.1" 200 6665 "-" "InternetSeer.com"
208.115.113.90 - - [31/Jul/2013:19:28:34 -0400] "GET /robots.txt HTTP/1.1" 200 - "-" "Mozilla/5.0 (compatible; Ezooms/1.0; ezooms.bot@gmail.com)"
